2026-06-27 09:57:10.438 INFO  [main] o.example.student.StudentApplication - Starting StudentApplication using Java 1.8.0_171 on LAPTOP-FSOIOSGL with PID 26536 (D:\javacode\springboot-fullstack-demo\backend\target\classes started by 张佳宁 in D:\javacode\springboot-fullstack-demo)
2026-06-27 09:57:10.435 INFO  [background-preinit] o.h.validator.internal.util.Version - HV000001: Hibernate Validator 6.2.5.Final
2026-06-27 09:57:10.444 INFO  [main] o.example.student.StudentApplication - No active profile set, falling back to 1 default profile: "default"
2026-06-27 09:57:11.989 INFO  [main] o.a.coyote.http11.Http11NioProtocol - Initializing ProtocolHandler ["http-nio-8080"]
2026-06-27 09:57:11.990 INFO  [main] o.a.catalina.core.StandardService - Starting service [Tomcat]
2026-06-27 09:57:11.990 INFO  [main] o.a.catalina.core.StandardEngine - Starting Servlet engine: [Apache Tomcat/9.0.68]
2026-06-27 09:57:12.285 INFO  [main] o.a.c.c.C.[Tomcat].[localhost].[/] - Initializing Spring embedded WebApplicationContext
2026-06-27 09:57:13.819 INFO  [main] o.a.coyote.http11.Http11NioProtocol - Starting ProtocolHandler ["http-nio-8080"]
2026-06-27 09:57:13.869 INFO  [main] o.example.student.StudentApplication - Started StudentApplication in 4.242 seconds (JVM running for 6.586)
2026-06-27 09:57:38.421 INFO  [http-nio-8080-exec-1] o.a.c.c.C.[Tomcat].[localhost].[/] - Initializing Spring DispatcherServlet 'dispatcherServlet'
2026-06-27 09:58:00.059 INFO  [scheduling-1] com.zaxxer.hikari.HikariDataSource - HikariPool-1 - Starting...
2026-06-27 09:58:00.229 INFO  [scheduling-1] com.zaxxer.hikari.HikariDataSource - HikariPool-1 - Start completed.
2026-06-27 09:58:00.251 INFO  [scheduling-1] o.e.student.task.LoginCountStatTask - 用户登录次数统计完成，更新用户数=1
2026-06-27 09:59:00.013 INFO  [scheduling-1] o.e.student.task.LoginCountStatTask - 用户登录次数统计完成，更新用户数=1
2026-06-27 10:00:00.005 INFO  [scheduling-1] o.e.student.task.LoginCountStatTask - 用户登录次数统计完成，更新用户数=1
2026-06-27 10:01:00.020 INFO  [scheduling-1] o.e.student.task.LoginCountStatTask - 用户登录次数统计完成，更新用户数=1
2026-06-27 10:02:00.012 INFO  [scheduling-1] o.e.student.task.LoginCountStatTask - 用户登录次数统计完成，更新用户数=1
2026-06-27 10:03:00.012 INFO  [scheduling-1] o.e.student.task.LoginCountStatTask - 用户登录次数统计完成，更新用户数=1
2026-06-27 10:03:36.522 WARN  [http-nio-8080-exec-2] o.e.s.e.GlobalExceptionHandler - 业务异常: code=401, message=账号或密码错误
2026-06-27 10:03:48.207 INFO  [http-nio-8080-exec-4] o.e.student.service.StudentService - 查询学生列表: 条件=org.example.student.model.StudentQueryRequest@6688fa2b, 总数=11, 当前页=1
2026-06-27 10:03:59.270 INFO  [http-nio-8080-exec-8] o.e.student.service.AuthService - 手机验证码已生成: phone=13800138000, code=289712, expiresIn=60s
2026-06-27 10:04:00.042 INFO  [scheduling-1] o.e.student.task.LoginCountStatTask - 用户登录次数统计完成，更新用户数=1
2026-06-27 10:04:13.152 INFO  [http-nio-8080-exec-7] o.e.student.service.StudentService - 查询学生列表: 条件=org.example.student.model.StudentQueryRequest@407269c3, 总数=11, 当前页=1
2026-06-27 10:04:16.049 INFO  [http-nio-8080-exec-5] o.e.student.service.StudentService - 查询学生列表: 条件=org.example.student.model.StudentQueryRequest@733054a3, 总数=11, 当前页=1
2026-06-27 10:04:17.070 INFO  [http-nio-8080-exec-9] o.e.student.service.StudentService - 查询学生列表: 条件=org.example.student.model.StudentQueryRequest@15bd2653, 总数=11, 当前页=1
2026-06-27 10:04:17.722 INFO  [http-nio-8080-exec-6] o.e.student.service.StudentService - 查询学生列表: 条件=org.example.student.model.StudentQueryRequest@2e45333e, 总数=11, 当前页=1
2026-06-27 10:04:19.361 INFO  [http-nio-8080-exec-1] o.e.student.service.StudentService - 查询学生列表: 条件=org.example.student.model.StudentQueryRequest@371a04f2, 总数=11, 当前页=1
2026-06-27 10:05:00.049 INFO  [scheduling-1] o.e.student.task.LoginCountStatTask - 用户登录次数统计完成，更新用户数=2
2026-06-27 10:05:30.563 INFO  [http-nio-8080-exec-7] o.e.student.service.StudentService - 查询学生列表: 条件=org.example.student.model.StudentQueryRequest@71a38f28, 总数=11, 当前页=1
2026-06-27 10:06:00.045 INFO  [scheduling-1] o.e.student.task.LoginCountStatTask - 用户登录次数统计完成，更新用户数=2
2026-06-27 10:07:00.008 INFO  [scheduling-1] o.e.student.task.LoginCountStatTask - 用户登录次数统计完成，更新用户数=2
2026-06-27 10:08:00.018 INFO  [scheduling-1] o.e.student.task.LoginCountStatTask - 用户登录次数统计完成，更新用户数=2
2026-06-27 10:09:00.007 INFO  [scheduling-1] o.e.student.task.LoginCountStatTask - 用户登录次数统计完成，更新用户数=2
2026-06-27 10:10:00.005 INFO  [scheduling-1] o.e.student.task.LoginCountStatTask - 用户登录次数统计完成，更新用户数=2
2026-06-27 10:11:00.013 INFO  [scheduling-1] o.e.student.task.LoginCountStatTask - 用户登录次数统计完成，更新用户数=2
2026-06-27 10:12:00.005 INFO  [scheduling-1] o.e.student.task.LoginCountStatTask - 用户登录次数统计完成，更新用户数=2
2026-06-27 10:13:00.012 INFO  [scheduling-1] o.e.student.task.LoginCountStatTask - 用户登录次数统计完成，更新用户数=2
2026-06-27 10:14:00.018 INFO  [scheduling-1] o.e.student.task.LoginCountStatTask - 用户登录次数统计完成，更新用户数=2
2026-06-27 10:15:00.009 INFO  [scheduling-1] o.e.student.task.LoginCountStatTask - 用户登录次数统计完成，更新用户数=2
2026-06-27 10:16:07.577 INFO  [scheduling-1] o.e.student.task.LoginCountStatTask - 用户登录次数统计完成，更新用户数=2
2026-06-27 10:17:00.018 INFO  [scheduling-1] o.e.student.task.LoginCountStatTask - 用户登录次数统计完成，更新用户数=2
2026-06-27 10:18:00.005 INFO  [scheduling-1] o.e.student.task.LoginCountStatTask - 用户登录次数统计完成，更新用户数=2
2026-06-27 10:19:00.015 INFO  [scheduling-1] o.e.student.task.LoginCountStatTask - 用户登录次数统计完成，更新用户数=2
2026-06-27 10:20:00.012 INFO  [scheduling-1] o.e.student.task.LoginCountStatTask - 用户登录次数统计完成，更新用户数=2
2026-06-27 10:21:00.008 INFO  [scheduling-1] o.e.student.task.LoginCountStatTask - 用户登录次数统计完成，更新用户数=2
2026-06-27 10:22:00.011 INFO  [scheduling-1] o.e.student.task.LoginCountStatTask - 用户登录次数统计完成，更新用户数=2
2026-06-27 10:23:00.007 INFO  [scheduling-1] o.e.student.task.LoginCountStatTask - 用户登录次数统计完成，更新用户数=2
2026-06-27 10:24:00.011 INFO  [scheduling-1] o.e.student.task.LoginCountStatTask - 用户登录次数统计完成，更新用户数=2
2026-06-27 10:24:58.832 INFO  [SpringApplicationShutdownHook] com.zaxxer.hikari.HikariDataSource - HikariPool-1 - Shutdown initiated...
2026-06-27 10:24:58.838 INFO  [SpringApplicationShutdownHook] com.zaxxer.hikari.HikariDataSource - HikariPool-1 - Shutdown completed.
2026-06-27 12:19:38.310 INFO  [background-preinit] o.h.validator.internal.util.Version - HV000001: Hibernate Validator 6.2.5.Final
2026-06-27 12:19:38.312 INFO  [main] o.example.student.StudentApplication - Starting StudentApplication using Java 1.8.0_171 on LAPTOP-FSOIOSGL with PID 22380 (D:\javacode\springboot-fullstack-demo\backend\target\classes started by 张佳宁 in D:\javacode\springboot-fullstack-demo)
2026-06-27 12:19:38.313 INFO  [main] o.example.student.StudentApplication - No active profile set, falling back to 1 default profile: "default"
2026-06-27 12:19:39.240 INFO  [main] o.a.coyote.http11.Http11NioProtocol - Initializing ProtocolHandler ["http-nio-8080"]
2026-06-27 12:19:39.241 INFO  [main] o.a.catalina.core.StandardService - Starting service [Tomcat]
2026-06-27 12:19:39.241 INFO  [main] o.a.catalina.core.StandardEngine - Starting Servlet engine: [Apache Tomcat/9.0.68]
2026-06-27 12:19:39.387 INFO  [main] o.a.c.c.C.[Tomcat].[localhost].[/] - Initializing Spring embedded WebApplicationContext
2026-06-27 12:19:40.456 INFO  [main] o.a.coyote.http11.Http11NioProtocol - Starting ProtocolHandler ["http-nio-8080"]
2026-06-27 12:19:40.479 INFO  [main] o.example.student.StudentApplication - Started StudentApplication in 2.583 seconds (JVM running for 3.536)
2026-06-27 12:19:43.741 INFO  [http-nio-8080-exec-1] o.a.c.c.C.[Tomcat].[localhost].[/] - Initializing Spring DispatcherServlet 'dispatcherServlet'
2026-06-27 12:19:44.286 INFO  [http-nio-8080-exec-2] com.zaxxer.hikari.HikariDataSource - HikariPool-1 - Starting...
2026-06-27 12:19:44.395 INFO  [http-nio-8080-exec-2] com.zaxxer.hikari.HikariDataSource - HikariPool-1 - Start completed.
2026-06-27 12:19:46.747 INFO  [http-nio-8080-exec-4] o.e.student.service.StudentService - 查询学生列表: 条件=org.example.student.model.StudentQueryRequest@f885419, 总数=11, 当前页=1
2026-06-27 12:19:51.487 INFO  [http-nio-8080-exec-8] o.e.student.service.StudentService - 查询学生列表: 条件=org.example.student.model.StudentQueryRequest@624c79c7, 总数=11, 当前页=1
2026-06-27 12:19:55.830 INFO  [http-nio-8080-exec-2] o.e.student.service.StudentService - 查询学生列表: 条件=org.example.student.model.StudentQueryRequest@5ed1b90d, 总数=11, 当前页=1
2026-06-27 12:20:00.021 INFO  [scheduling-1] o.e.student.task.LoginCountStatTask - 用户登录次数统计完成，更新用户数=2
2026-06-27 12:21:00.006 INFO  [scheduling-1] o.e.student.task.LoginCountStatTask - 用户登录次数统计完成，更新用户数=2
2026-06-27 12:22:00.016 INFO  [scheduling-1] o.e.student.task.LoginCountStatTask - 用户登录次数统计完成，更新用户数=2
2026-06-27 12:22:00.494 INFO  [SpringApplicationShutdownHook] com.zaxxer.hikari.HikariDataSource - HikariPool-1 - Shutdown initiated...
2026-06-27 12:22:00.501 INFO  [SpringApplicationShutdownHook] com.zaxxer.hikari.HikariDataSource - HikariPool-1 - Shutdown completed.
2026-06-27 13:56:23.296 INFO  [background-preinit] o.h.validator.internal.util.Version - HV000001: Hibernate Validator 6.2.5.Final
2026-06-27 13:56:23.298 INFO  [main] o.example.student.StudentApplication - Starting StudentApplication using Java 1.8.0_171 on LAPTOP-FSOIOSGL with PID 2860 (D:\javacode\springboot-fullstack-demo\backend\target\classes started by 张佳宁 in D:\javacode\springboot-fullstack-demo)
2026-06-27 13:56:23.299 INFO  [main] o.example.student.StudentApplication - No active profile set, falling back to 1 default profile: "default"
2026-06-27 13:56:24.228 INFO  [main] o.a.coyote.http11.Http11NioProtocol - Initializing ProtocolHandler ["http-nio-8080"]
2026-06-27 13:56:24.229 INFO  [main] o.a.catalina.core.StandardService - Starting service [Tomcat]
2026-06-27 13:56:24.229 INFO  [main] o.a.catalina.core.StandardEngine - Starting Servlet engine: [Apache Tomcat/9.0.68]
2026-06-27 13:56:24.394 INFO  [main] o.a.c.c.C.[Tomcat].[localhost].[/] - Initializing Spring embedded WebApplicationContext
2026-06-27 13:56:25.473 INFO  [main] o.a.coyote.http11.Http11NioProtocol - Starting ProtocolHandler ["http-nio-8080"]
2026-06-27 13:56:25.496 INFO  [main] o.example.student.StudentApplication - Started StudentApplication in 2.615 seconds (JVM running for 3.615)
2026-06-27 13:57:00.034 INFO  [scheduling-1] com.zaxxer.hikari.HikariDataSource - HikariPool-1 - Starting...
2026-06-27 13:57:00.159 INFO  [scheduling-1] com.zaxxer.hikari.HikariDataSource - HikariPool-1 - Start completed.
2026-06-27 13:57:00.180 INFO  [scheduling-1] o.e.student.task.LoginCountStatTask - 用户登录次数统计完成，更新用户数=2
2026-06-27 13:58:00.015 INFO  [scheduling-1] o.e.student.task.LoginCountStatTask - 用户登录次数统计完成，更新用户数=2
2026-06-27 13:59:00.011 INFO  [scheduling-1] o.e.student.task.LoginCountStatTask - 用户登录次数统计完成，更新用户数=2
2026-06-27 14:00:00.008 INFO  [scheduling-1] o.e.student.task.LoginCountStatTask - 用户登录次数统计完成，更新用户数=2
2026-06-27 14:01:00.007 INFO  [scheduling-1] o.e.student.task.LoginCountStatTask - 用户登录次数统计完成，更新用户数=2
2026-06-27 14:01:41.451 INFO  [http-nio-8080-exec-1] o.a.c.c.C.[Tomcat].[localhost].[/] - Initializing Spring DispatcherServlet 'dispatcherServlet'
2026-06-27 14:01:42.138 INFO  [http-nio-8080-exec-2] o.e.student.service.StudentService - 查询学生列表: 条件=org.example.student.model.StudentQueryRequest@3100f9a4, 总数=11, 当前页=1
2026-06-27 14:01:43.620 INFO  [http-nio-8080-exec-3] o.e.s.s.PointsAccountServiceImpl - 创建用户积分账户: userId=1
2026-06-27 14:01:49.033 INFO  [http-nio-8080-exec-5] o.e.s.s.PointsAccountServiceImpl - 积分变更成功: userId=1, pointsChange=10, before=0, after=10
2026-06-27 14:02:00.016 INFO  [scheduling-1] o.e.student.task.LoginCountStatTask - 用户登录次数统计完成，更新用户数=2
2026-06-27 14:02:08.722 WARN  [http-nio-8080-exec-2] o.e.s.e.GlobalExceptionHandler - 业务异常: code=400, message=今日已签到
2026-06-27 14:02:10.588 WARN  [http-nio-8080-exec-4] o.e.s.e.GlobalExceptionHandler - 业务异常: code=400, message=今日已签到
2026-06-27 14:03:00.015 INFO  [scheduling-1] o.e.student.task.LoginCountStatTask - 用户登录次数统计完成，更新用户数=2
2026-06-27 14:04:00.010 INFO  [scheduling-1] o.e.student.task.LoginCountStatTask - 用户登录次数统计完成，更新用户数=2
2026-06-27 14:05:00.017 INFO  [scheduling-1] o.e.student.task.LoginCountStatTask - 用户登录次数统计完成，更新用户数=2
2026-06-27 14:06:00.002 INFO  [scheduling-1] o.e.student.task.LoginCountStatTask - 用户登录次数统计完成，更新用户数=2
2026-06-27 14:07:00.006 INFO  [scheduling-1] o.e.student.task.LoginCountStatTask - 用户登录次数统计完成，更新用户数=2
2026-06-27 14:07:48.369 INFO  [http-nio-8080-exec-9] o.e.student.service.StudentService - 查询学生列表: 条件=org.example.student.model.StudentQueryRequest@3bdcd9c9, 总数=11, 当前页=1
2026-06-27 14:08:00.011 INFO  [scheduling-1] o.e.student.task.LoginCountStatTask - 用户登录次数统计完成，更新用户数=2
2026-06-27 14:08:44.811 WARN  [http-nio-8080-exec-6] o.e.s.e.GlobalExceptionHandler - 业务异常: code=400, message=今日已签到
2026-06-27 14:09:00.015 INFO  [scheduling-1] o.e.student.task.LoginCountStatTask - 用户登录次数统计完成，更新用户数=2
2026-06-27 14:10:00.006 INFO  [scheduling-1] o.e.student.task.LoginCountStatTask - 用户登录次数统计完成，更新用户数=2
2026-06-27 14:11:00.015 INFO  [scheduling-1] o.e.student.task.LoginCountStatTask - 用户登录次数统计完成，更新用户数=2
2026-06-27 14:12:00.015 INFO  [scheduling-1] o.e.student.task.LoginCountStatTask - 用户登录次数统计完成，更新用户数=2
2026-06-27 14:13:00.010 INFO  [scheduling-1] o.e.student.task.LoginCountStatTask - 用户登录次数统计完成，更新用户数=2
2026-06-27 14:14:00.004 INFO  [scheduling-1] o.e.student.task.LoginCountStatTask - 用户登录次数统计完成，更新用户数=2
2026-06-27 14:14:25.667 WARN  [http-nio-8080-exec-4] o.e.s.e.GlobalExceptionHandler - 业务异常: code=400, message=今日已签到
2026-06-27 14:15:00.012 INFO  [scheduling-1] o.e.student.task.LoginCountStatTask - 用户登录次数统计完成，更新用户数=2
2026-06-27 14:16:00.011 INFO  [scheduling-1] o.e.student.task.LoginCountStatTask - 用户登录次数统计完成，更新用户数=2
2026-06-27 14:17:00.009 INFO  [scheduling-1] o.e.student.task.LoginCountStatTask - 用户登录次数统计完成，更新用户数=2
2026-06-27 14:18:00.016 INFO  [scheduling-1] o.e.student.task.LoginCountStatTask - 用户登录次数统计完成，更新用户数=2
2026-06-27 14:19:00.010 INFO  [scheduling-1] o.e.student.task.LoginCountStatTask - 用户登录次数统计完成，更新用户数=2
2026-06-27 14:20:00.008 INFO  [scheduling-1] o.e.student.task.LoginCountStatTask - 用户登录次数统计完成，更新用户数=2
2026-06-27 14:21:00.013 INFO  [scheduling-1] o.e.student.task.LoginCountStatTask - 用户登录次数统计完成，更新用户数=2
2026-06-27 14:22:00.011 INFO  [scheduling-1] o.e.student.task.LoginCountStatTask - 用户登录次数统计完成，更新用户数=2
2026-06-27 14:23:00.009 INFO  [scheduling-1] o.e.student.task.LoginCountStatTask - 用户登录次数统计完成，更新用户数=2
2026-06-27 14:24:00.016 INFO  [scheduling-1] o.e.student.task.LoginCountStatTask - 用户登录次数统计完成，更新用户数=2
2026-06-27 14:25:00.010 INFO  [scheduling-1] o.e.student.task.LoginCountStatTask - 用户登录次数统计完成，更新用户数=2
2026-06-27 14:25:42.235 INFO  [http-nio-8080-exec-7] o.e.s.s.PointsAccountServiceImpl - 积分变更成功: userId=1, pointsChange=20, before=10, after=30
2026-06-27 14:26:00.011 INFO  [scheduling-1] o.e.student.task.LoginCountStatTask - 用户登录次数统计完成，更新用户数=2
2026-06-27 14:27:00.015 INFO  [scheduling-1] o.e.student.task.LoginCountStatTask - 用户登录次数统计完成，更新用户数=2
2026-06-27 14:28:00.008 INFO  [scheduling-1] o.e.student.task.LoginCountStatTask - 用户登录次数统计完成，更新用户数=2
2026-06-27 14:29:00.003 INFO  [scheduling-1] o.e.student.task.LoginCountStatTask - 用户登录次数统计完成，更新用户数=2
2026-06-27 14:30:00.016 INFO  [scheduling-1] o.e.student.task.LoginCountStatTask - 用户登录次数统计完成，更新用户数=2
2026-06-27 14:31:00.012 INFO  [scheduling-1] o.e.student.task.LoginCountStatTask - 用户登录次数统计完成，更新用户数=2
2026-06-27 14:32:00.003 INFO  [scheduling-1] o.e.student.task.LoginCountStatTask - 用户登录次数统计完成，更新用户数=2
2026-06-27 14:33:00.002 INFO  [scheduling-1] o.e.student.task.LoginCountStatTask - 用户登录次数统计完成，更新用户数=2
2026-06-27 14:34:00.014 INFO  [scheduling-1] o.e.student.task.LoginCountStatTask - 用户登录次数统计完成，更新用户数=2
2026-06-27 14:35:00.002 INFO  [scheduling-1] o.e.student.task.LoginCountStatTask - 用户登录次数统计完成，更新用户数=2
2026-06-27 14:36:00.011 INFO  [scheduling-1] o.e.student.task.LoginCountStatTask - 用户登录次数统计完成，更新用户数=2
2026-06-27 14:37:00.008 INFO  [scheduling-1] o.e.student.task.LoginCountStatTask - 用户登录次数统计完成，更新用户数=2
2026-06-27 14:38:00.003 INFO  [scheduling-1] o.e.student.task.LoginCountStatTask - 用户登录次数统计完成，更新用户数=2
2026-06-27 14:39:00.007 INFO  [scheduling-1] o.e.student.task.LoginCountStatTask - 用户登录次数统计完成，更新用户数=2
2026-06-27 14:40:00.015 INFO  [scheduling-1] o.e.student.task.LoginCountStatTask - 用户登录次数统计完成，更新用户数=2
2026-06-27 14:41:00.008 INFO  [scheduling-1] o.e.student.task.LoginCountStatTask - 用户登录次数统计完成，更新用户数=2
2026-06-27 14:41:39.561 WARN  [http-nio-8080-exec-10] o.e.s.e.GlobalExceptionHandler - 业务异常: code=400, message=该任务已奖励过积分
2026-06-27 14:41:54.111 WARN  [http-nio-8080-exec-9] o.e.s.e.GlobalExceptionHandler - 业务异常: code=400, message=任务不存在或已禁用
2026-06-27 14:41:58.397 WARN  [http-nio-8080-exec-7] o.e.s.e.GlobalExceptionHandler - 业务异常: code=400, message=任务不存在或已禁用
2026-06-27 14:42:00.016 INFO  [scheduling-1] o.e.student.task.LoginCountStatTask - 用户登录次数统计完成，更新用户数=2
2026-06-27 14:42:01.042 WARN  [http-nio-8080-exec-4] o.e.s.e.GlobalExceptionHandler - 业务异常: code=400, message=任务不存在或已禁用
2026-06-27 14:43:00.009 INFO  [scheduling-1] o.e.student.task.LoginCountStatTask - 用户登录次数统计完成，更新用户数=2
2026-06-27 14:43:14.893 WARN  [http-nio-8080-exec-1] o.e.s.e.GlobalExceptionHandler - 业务异常: code=400, message=积分不足
2026-06-27 14:44:00.012 INFO  [scheduling-1] o.e.student.task.LoginCountStatTask - 用户登录次数统计完成，更新用户数=2
2026-06-27 14:44:26.988 WARN  [http-nio-8080-exec-1] o.e.s.e.GlobalExceptionHandler - 业务异常: code=400, message=任务不存在或已禁用
2026-06-27 14:45:00.010 INFO  [scheduling-1] o.e.student.task.LoginCountStatTask - 用户登录次数统计完成，更新用户数=2
2026-06-27 14:46:00.002 INFO  [scheduling-1] o.e.student.task.LoginCountStatTask - 用户登录次数统计完成，更新用户数=2
2026-06-27 14:47:00.012 INFO  [scheduling-1] o.e.student.task.LoginCountStatTask - 用户登录次数统计完成，更新用户数=2
2026-06-27 14:47:32.973 WARN  [http-nio-8080-exec-10] o.e.s.e.GlobalExceptionHandler - 业务异常: code=400, message=今日已签到
2026-06-27 14:47:36.093 WARN  [http-nio-8080-exec-9] o.e.s.e.GlobalExceptionHandler - 业务异常: code=400, message=今日已签到
2026-06-27 14:47:44.041 WARN  [http-nio-8080-exec-4] o.e.s.e.GlobalExceptionHandler - 业务异常: code=400, message=该任务已奖励过积分
2026-06-27 14:47:47.648 WARN  [http-nio-8080-exec-7] o.e.s.e.GlobalExceptionHandler - 业务异常: code=400, message=今日已签到
2026-06-27 14:48:00.009 INFO  [scheduling-1] o.e.student.task.LoginCountStatTask - 用户登录次数统计完成，更新用户数=2
2026-06-27 14:48:00.450 WARN  [http-nio-8080-exec-3] o.e.s.e.GlobalExceptionHandler - 业务异常: code=400, message=今日已签到
2026-06-27 14:49:00.016 INFO  [scheduling-1] o.e.student.task.LoginCountStatTask - 用户登录次数统计完成，更新用户数=2
2026-06-27 14:49:09.556 WARN  [http-nio-8080-exec-10] o.e.s.e.GlobalExceptionHandler - 业务异常: code=400, message=该任务已奖励过积分
2026-06-27 14:50:00.008 INFO  [scheduling-1] o.e.student.task.LoginCountStatTask - 用户登录次数统计完成，更新用户数=2
2026-06-27 14:50:49.767 INFO  [http-nio-8080-exec-3] o.e.s.s.PointsAccountServiceImpl - 积分变更成功: userId=1, pointsChange=10, before=30, after=40
2026-06-27 14:50:53.346 WARN  [http-nio-8080-exec-9] o.e.s.e.GlobalExceptionHandler - 业务异常: code=400, message=该任务已奖励过积分
2026-06-27 14:50:56.012 INFO  [http-nio-8080-exec-7] o.e.s.s.PointsAccountServiceImpl - 积分变更成功: userId=1, pointsChange=5, before=40, after=45
2026-06-27 14:50:58.072 WARN  [http-nio-8080-exec-6] o.e.s.e.GlobalExceptionHandler - 业务异常: code=400, message=该任务已奖励过积分
2026-06-27 14:51:00.006 INFO  [scheduling-1] o.e.student.task.LoginCountStatTask - 用户登录次数统计完成，更新用户数=2
2026-06-27 14:51:00.306 INFO  [http-nio-8080-exec-10] o.e.s.s.PointsAccountServiceImpl - 积分变更成功: userId=1, pointsChange=50, before=45, after=95
2026-06-27 14:51:02.092 WARN  [http-nio-8080-exec-2] o.e.s.e.GlobalExceptionHandler - 业务异常: code=400, message=该任务已奖励过积分
2026-06-27 14:51:43.208 INFO  [http-nio-8080-exec-1] o.e.s.s.PointsAccountServiceImpl - 积分变更成功: userId=1, pointsChange=-50, before=95, after=45
2026-06-27 14:52:00.014 INFO  [scheduling-1] o.e.student.task.LoginCountStatTask - 用户登录次数统计完成，更新用户数=2
2026-06-27 14:53:00.006 INFO  [scheduling-1] o.e.student.task.LoginCountStatTask - 用户登录次数统计完成，更新用户数=2
2026-06-27 14:53:24.514 WARN  [http-nio-8080-exec-5] o.e.s.e.GlobalExceptionHandler - 业务异常: code=400, message=今日已签到
2026-06-27 14:53:48.470 WARN  [http-nio-8080-exec-8] o.e.s.e.GlobalExceptionHandler - 业务异常: code=400, message=今日已签到
2026-06-27 14:53:50.881 WARN  [http-nio-8080-exec-3] o.e.s.e.GlobalExceptionHandler - 业务异常: code=400, message=该任务已奖励过积分
2026-06-27 14:53:53.982 WARN  [http-nio-8080-exec-2] o.e.s.e.GlobalExceptionHandler - 业务异常: code=400, message=该任务已奖励过积分
2026-06-27 14:54:00.014 INFO  [scheduling-1] o.e.student.task.LoginCountStatTask - 用户登录次数统计完成，更新用户数=2
2026-06-27 14:54:24.334 WARN  [http-nio-8080-exec-1] o.e.s.e.GlobalExceptionHandler - 业务异常: code=401, message=账号或密码错误
2026-06-27 14:54:36.247 INFO  [http-nio-8080-exec-6] o.e.student.service.StudentService - 查询学生列表: 条件=org.example.student.model.StudentQueryRequest@79cec628, 总数=11, 当前页=1
2026-06-27 14:54:42.812 WARN  [http-nio-8080-exec-1] o.e.s.e.GlobalExceptionHandler - 业务异常: code=400, message=今日已签到
2026-06-27 14:54:49.203 WARN  [http-nio-8080-exec-10] o.e.s.e.GlobalExceptionHandler - 业务异常: code=400, message=该任务已奖励过积分
2026-06-27 14:55:00.017 INFO  [scheduling-1] o.e.student.task.LoginCountStatTask - 用户登录次数统计完成，更新用户数=2
2026-06-27 14:56:00.010 INFO  [scheduling-1] o.e.student.task.LoginCountStatTask - 用户登录次数统计完成，更新用户数=2
2026-06-27 14:57:00.014 INFO  [scheduling-1] o.e.student.task.LoginCountStatTask - 用户登录次数统计完成，更新用户数=2
2026-06-27 14:58:00.009 INFO  [scheduling-1] o.e.student.task.LoginCountStatTask - 用户登录次数统计完成，更新用户数=2
2026-06-27 14:59:00.007 INFO  [scheduling-1] o.e.student.task.LoginCountStatTask - 用户登录次数统计完成，更新用户数=2
2026-06-27 15:00:00.004 INFO  [scheduling-1] o.e.student.task.LoginCountStatTask - 用户登录次数统计完成，更新用户数=2
2026-06-27 15:00:39.553 WARN  [http-nio-8080-exec-7] o.e.s.e.GlobalExceptionHandler - 业务异常: code=400, message=今日已签到
2026-06-27 15:00:41.859 INFO  [http-nio-8080-exec-2] o.e.student.service.StudentService - 查询学生列表: 条件=org.example.student.model.StudentQueryRequest@723cc7af, 总数=11, 当前页=1
2026-06-27 15:00:45.475 WARN  [http-nio-8080-exec-8] o.e.s.e.GlobalExceptionHandler - 业务异常: code=401, message=账号或密码错误
2026-06-27 15:00:48.179 INFO  [http-nio-8080-exec-3] o.e.student.service.StudentService - 查询学生列表: 条件=org.example.student.model.StudentQueryRequest@ddade, 总数=11, 当前页=1
2026-06-27 15:01:00.010 INFO  [scheduling-1] o.e.student.task.LoginCountStatTask - 用户登录次数统计完成，更新用户数=2
2026-06-27 15:01:36.781 WARN  [http-nio-8080-exec-3] o.e.s.e.GlobalExceptionHandler - 业务异常: code=500, message=阿里云 OSS 配置不完整
2026-06-27 15:01:46.437 WARN  [http-nio-8080-exec-10] o.e.s.e.GlobalExceptionHandler - 业务异常: code=500, message=阿里云 OSS 配置不完整
2026-06-27 15:02:00.012 INFO  [scheduling-1] o.e.student.task.LoginCountStatTask - 用户登录次数统计完成，更新用户数=2
2026-06-27 15:02:28.160 WARN  [http-nio-8080-exec-1] o.e.s.e.GlobalExceptionHandler - 业务异常: code=400, message=手机号已存在
2026-06-27 15:03:00.006 INFO  [scheduling-1] o.e.student.task.LoginCountStatTask - 用户登录次数统计完成，更新用户数=3
2026-06-27 15:03:43.884 INFO  [http-nio-8080-exec-8] o.e.student.service.StudentService - 查询学生列表: 条件=org.example.student.model.StudentQueryRequest@793173ad, 总数=11, 当前页=1
2026-06-27 15:03:45.417 WARN  [http-nio-8080-exec-10] o.e.s.e.GlobalExceptionHandler - 业务异常: code=401, message=登录用户信息无效
2026-06-27 15:03:46.483 WARN  [http-nio-8080-exec-6] o.e.s.e.GlobalExceptionHandler - 业务异常: code=401, message=登录用户信息无效
2026-06-27 15:03:46.484 WARN  [http-nio-8080-exec-9] o.e.s.e.GlobalExceptionHandler - 业务异常: code=401, message=登录用户信息无效
2026-06-27 15:03:46.483 WARN  [http-nio-8080-exec-7] o.e.s.e.GlobalExceptionHandler - 业务异常: code=401, message=登录用户信息无效
2026-06-27 15:03:52.934 WARN  [http-nio-8080-exec-8] o.e.s.e.GlobalExceptionHandler - 业务异常: code=401, message=登录用户信息无效
2026-06-27 15:03:52.934 WARN  [http-nio-8080-exec-5] o.e.s.e.GlobalExceptionHandler - 业务异常: code=401, message=登录用户信息无效
2026-06-27 15:03:52.934 WARN  [http-nio-8080-exec-2] o.e.s.e.GlobalExceptionHandler - 业务异常: code=401, message=登录用户信息无效
2026-06-27 15:03:58.383 WARN  [http-nio-8080-exec-3] o.e.s.e.GlobalExceptionHandler - 业务异常: code=401, message=登录用户信息无效
2026-06-27 15:03:59.903 WARN  [http-nio-8080-exec-10] o.e.s.e.GlobalExceptionHandler - 业务异常: code=401, message=登录用户信息无效
2026-06-27 15:04:00.008 INFO  [scheduling-1] o.e.student.task.LoginCountStatTask - 用户登录次数统计完成，更新用户数=4
2026-06-27 15:04:03.057 WARN  [http-nio-8080-exec-1] o.e.s.e.GlobalExceptionHandler - 业务异常: code=401, message=登录用户信息无效
2026-06-27 15:04:06.834 WARN  [http-nio-8080-exec-7] o.e.s.e.GlobalExceptionHandler - 业务异常: code=401, message=登录用户信息无效
2026-06-27 15:04:06.834 WARN  [http-nio-8080-exec-5] o.e.s.e.GlobalExceptionHandler - 业务异常: code=401, message=登录用户信息无效
2026-06-27 15:04:06.834 WARN  [http-nio-8080-exec-4] o.e.s.e.GlobalExceptionHandler - 业务异常: code=401, message=登录用户信息无效
2026-06-27 15:04:14.394 WARN  [http-nio-8080-exec-10] o.e.s.e.GlobalExceptionHandler - 业务异常: code=401, message=登录用户信息无效
2026-06-27 15:04:14.394 WARN  [http-nio-8080-exec-2] o.e.s.e.GlobalExceptionHandler - 业务异常: code=401, message=登录用户信息无效
2026-06-27 15:04:14.394 WARN  [http-nio-8080-exec-3] o.e.s.e.GlobalExceptionHandler - 业务异常: code=401, message=登录用户信息无效
2026-06-27 15:04:18.547 WARN  [http-nio-8080-exec-1] o.e.s.e.GlobalExceptionHandler - 业务异常: code=401, message=登录用户信息无效
2026-06-27 15:04:22.369 WARN  [http-nio-8080-exec-5] o.e.s.e.GlobalExceptionHandler - 业务异常: code=401, message=登录用户信息无效
2026-06-27 15:05:00.006 INFO  [scheduling-1] o.e.student.task.LoginCountStatTask - 用户登录次数统计完成，更新用户数=4
2026-06-27 15:05:22.368 WARN  [http-nio-8080-exec-8] o.e.s.e.GlobalExceptionHandler - 业务异常: code=401, message=登录用户信息无效
2026-06-27 15:05:23.464 WARN  [http-nio-8080-exec-1] o.e.s.e.GlobalExceptionHandler - 业务异常: code=401, message=登录用户信息无效
2026-06-27 15:05:23.464 WARN  [http-nio-8080-exec-3] o.e.s.e.GlobalExceptionHandler - 业务异常: code=401, message=登录用户信息无效
2026-06-27 15:05:23.463 WARN  [http-nio-8080-exec-2] o.e.s.e.GlobalExceptionHandler - 业务异常: code=401, message=登录用户信息无效
2026-06-27 15:05:24.075 WARN  [http-nio-8080-exec-6] o.e.s.e.GlobalExceptionHandler - 业务异常: code=401, message=登录用户信息无效
2026-06-27 15:05:24.883 WARN  [http-nio-8080-exec-5] o.e.s.e.GlobalExceptionHandler - 业务异常: code=401, message=登录用户信息无效
2026-06-27 15:05:24.883 WARN  [http-nio-8080-exec-4] o.e.s.e.GlobalExceptionHandler - 业务异常: code=401, message=登录用户信息无效
2026-06-27 15:05:24.883 WARN  [http-nio-8080-exec-7] o.e.s.e.GlobalExceptionHandler - 业务异常: code=401, message=登录用户信息无效
2026-06-27 15:05:33.702 WARN  [http-nio-8080-exec-10] o.e.s.e.GlobalExceptionHandler - 业务异常: code=500, message=阿里云 OSS 配置不完整
2026-06-27 15:06:00.011 INFO  [scheduling-1] o.e.student.task.LoginCountStatTask - 用户登录次数统计完成，更新用户数=4
2026-06-27 15:07:00.013 INFO  [scheduling-1] o.e.student.task.LoginCountStatTask - 用户登录次数统计完成，更新用户数=4
2026-06-27 15:08:00.018 INFO  [scheduling-1] o.e.student.task.LoginCountStatTask - 用户登录次数统计完成，更新用户数=4
2026-06-27 15:09:00.005 INFO  [scheduling-1] o.e.student.task.LoginCountStatTask - 用户登录次数统计完成，更新用户数=4
2026-06-27 15:10:00.010 INFO  [scheduling-1] o.e.student.task.LoginCountStatTask - 用户登录次数统计完成，更新用户数=4
2026-06-27 15:11:00.004 INFO  [scheduling-1] o.e.student.task.LoginCountStatTask - 用户登录次数统计完成，更新用户数=4
2026-06-27 15:11:14.329 INFO  [http-nio-8080-exec-3] o.e.student.service.StudentService - 查询学生列表: 条件=org.example.student.model.StudentQueryRequest@3dd9d688, 总数=11, 当前页=1
2026-06-27 15:11:41.918 INFO  [http-nio-8080-exec-6] o.e.student.service.StudentService - 查询学生列表: 条件=org.example.student.model.StudentQueryRequest@4c10ce84, 总数=11, 当前页=1
2026-06-27 15:11:42.962 WARN  [http-nio-8080-exec-4] o.e.s.e.GlobalExceptionHandler - 业务异常: code=401, message=登录用户信息无效
2026-06-27 15:11:42.962 WARN  [http-nio-8080-exec-9] o.e.s.e.GlobalExceptionHandler - 业务异常: code=401, message=登录用户信息无效
2026-06-27 15:11:42.963 WARN  [http-nio-8080-exec-7] o.e.s.e.GlobalExceptionHandler - 业务异常: code=401, message=登录用户信息无效
2026-06-27 15:11:43.911 WARN  [http-nio-8080-exec-5] o.e.s.e.GlobalExceptionHandler - 业务异常: code=401, message=登录用户信息无效
2026-06-27 15:11:46.826 WARN  [http-nio-8080-exec-3] o.e.s.e.GlobalExceptionHandler - 业务异常: code=401, message=登录用户信息无效
2026-06-27 15:11:46.826 WARN  [http-nio-8080-exec-1] o.e.s.e.GlobalExceptionHandler - 业务异常: code=401, message=登录用户信息无效
2026-06-27 15:11:46.826 WARN  [http-nio-8080-exec-2] o.e.s.e.GlobalExceptionHandler - 业务异常: code=401, message=登录用户信息无效
2026-06-27 15:11:56.310 INFO  [SpringApplicationShutdownHook] com.zaxxer.hikari.HikariDataSource - HikariPool-1 - Shutdown initiated...
2026-06-27 15:11:56.312 INFO  [SpringApplicationShutdownHook] com.zaxxer.hikari.HikariDataSource - HikariPool-1 - Shutdown completed.
2026-06-27 15:12:02.199 INFO  [main] o.example.student.StudentApplication - Starting StudentApplication using Java 1.8.0_171 on LAPTOP-FSOIOSGL with PID 6616 (D:\javacode\springboot-fullstack-demo\backend\target\classes started by 张佳宁 in D:\javacode\springboot-fullstack-demo)
2026-06-27 15:12:02.197 INFO  [background-preinit] o.h.validator.internal.util.Version - HV000001: Hibernate Validator 6.2.5.Final
2026-06-27 15:12:02.200 INFO  [main] o.example.student.StudentApplication - No active profile set, falling back to 1 default profile: "default"
2026-06-27 15:12:03.051 INFO  [main] o.a.coyote.http11.Http11NioProtocol - Initializing ProtocolHandler ["http-nio-8080"]
2026-06-27 15:12:03.052 INFO  [main] o.a.catalina.core.StandardService - Starting service [Tomcat]
2026-06-27 15:12:03.052 INFO  [main] o.a.catalina.core.StandardEngine - Starting Servlet engine: [Apache Tomcat/9.0.68]
2026-06-27 15:12:03.210 INFO  [main] o.a.c.c.C.[Tomcat].[localhost].[/] - Initializing Spring embedded WebApplicationContext
2026-06-27 15:12:04.217 INFO  [main] o.a.coyote.http11.Http11NioProtocol - Starting ProtocolHandler ["http-nio-8080"]
2026-06-27 15:12:04.240 INFO  [main] o.example.student.StudentApplication - Started StudentApplication in 2.366 seconds (JVM running for 3.247)
2026-06-27 15:12:06.796 INFO  [http-nio-8080-exec-2] o.a.c.c.C.[Tomcat].[localhost].[/] - Initializing Spring DispatcherServlet 'dispatcherServlet'
2026-06-27 15:12:07.252 INFO  [http-nio-8080-exec-1] com.zaxxer.hikari.HikariDataSource - HikariPool-1 - Starting...
2026-06-27 15:12:07.357 INFO  [http-nio-8080-exec-1] com.zaxxer.hikari.HikariDataSource - HikariPool-1 - Start completed.
2026-06-27 15:12:07.399 INFO  [http-nio-8080-exec-1] o.e.s.s.PointsAccountServiceImpl - 创建用户积分账户: userId=72bf1dcca2dd419a8523bd6409741905
2026-06-27 15:12:12.240 INFO  [http-nio-8080-exec-5] o.e.student.service.StudentService - 查询学生列表: 条件=org.example.student.model.StudentQueryRequest@66a366c3, 总数=11, 当前页=1
2026-06-27 15:12:15.834 INFO  [http-nio-8080-exec-5] o.e.s.s.PointsAccountServiceImpl - 积分变更成功: userId=72bf1dcca2dd419a8523bd6409741905, pointsChange=20, before=0, after=20
2026-06-27 15:12:16.235 INFO  [http-nio-8080-exec-9] o.e.s.s.PointsAccountServiceImpl - 积分变更成功: userId=72bf1dcca2dd419a8523bd6409741905, pointsChange=50, before=20, after=70
2026-06-27 15:12:16.911 INFO  [http-nio-8080-exec-4] o.e.s.s.PointsAccountServiceImpl - 积分变更成功: userId=72bf1dcca2dd419a8523bd6409741905, pointsChange=10, before=70, after=80
2026-06-27 15:12:17.868 INFO  [http-nio-8080-exec-7] o.e.s.s.PointsAccountServiceImpl - 积分变更成功: userId=72bf1dcca2dd419a8523bd6409741905, pointsChange=5, before=80, after=85
2026-06-27 15:12:26.848 WARN  [http-nio-8080-exec-5] o.e.s.e.GlobalExceptionHandler - 业务异常: code=400, message=该任务已奖励过积分
2026-06-27 15:12:27.564 WARN  [http-nio-8080-exec-7] o.e.s.e.GlobalExceptionHandler - 业务异常: code=400, message=该任务已奖励过积分
2026-06-27 15:12:28.371 WARN  [http-nio-8080-exec-6] o.e.s.e.GlobalExceptionHandler - 业务异常: code=400, message=该任务已奖励过积分
2026-06-27 15:12:28.791 WARN  [http-nio-8080-exec-10] o.e.s.e.GlobalExceptionHandler - 业务异常: code=400, message=该任务已奖励过积分
2026-06-27 15:12:33.105 INFO  [http-nio-8080-exec-4] o.e.s.s.PointsAccountServiceImpl - 积分变更成功: userId=72bf1dcca2dd419a8523bd6409741905, pointsChange=-50, before=85, after=35
2026-06-27 15:13:00.027 INFO  [scheduling-1] o.e.student.task.LoginCountStatTask - 用户登录次数统计完成，更新用户数=4
2026-06-27 15:13:57.924 INFO  [http-nio-8080-exec-10] o.e.student.service.StudentService - 查询学生列表: 条件=org.example.student.model.StudentQueryRequest@4983d2cc, 总数=11, 当前页=1
2026-06-27 15:14:00.012 INFO  [scheduling-1] o.e.student.task.LoginCountStatTask - 用户登录次数统计完成，更新用户数=4
2026-06-27 15:15:00.012 INFO  [scheduling-1] o.e.student.task.LoginCountStatTask - 用户登录次数统计完成，更新用户数=4
2026-06-27 15:16:00.002 INFO  [scheduling-1] o.e.student.task.LoginCountStatTask - 用户登录次数统计完成，更新用户数=4
2026-06-27 15:17:00.005 INFO  [scheduling-1] o.e.student.task.LoginCountStatTask - 用户登录次数统计完成，更新用户数=4
2026-06-27 15:18:00.006 INFO  [scheduling-1] o.e.student.task.LoginCountStatTask - 用户登录次数统计完成，更新用户数=4
2026-06-27 15:19:00.004 INFO  [scheduling-1] o.e.student.task.LoginCountStatTask - 用户登录次数统计完成，更新用户数=4
2026-06-27 15:20:00.006 INFO  [scheduling-1] o.e.student.task.LoginCountStatTask - 用户登录次数统计完成，更新用户数=4
2026-06-27 15:21:00.015 INFO  [scheduling-1] o.e.student.task.LoginCountStatTask - 用户登录次数统计完成，更新用户数=4
2026-06-27 15:21:15.104 INFO  [SpringApplicationShutdownHook] com.zaxxer.hikari.HikariDataSource - HikariPool-1 - Shutdown initiated...
2026-06-27 15:21:15.111 INFO  [SpringApplicationShutdownHook] com.zaxxer.hikari.HikariDataSource - HikariPool-1 - Shutdown completed.
2026-06-27 15:21:20.825 INFO  [background-preinit] o.h.validator.internal.util.Version - HV000001: Hibernate Validator 6.2.5.Final
2026-06-27 15:21:20.827 INFO  [main] o.example.student.StudentApplication - Starting StudentApplication using Java 1.8.0_171 on LAPTOP-FSOIOSGL with PID 14660 (D:\javacode\springboot-fullstack-demo\backend\target\classes started by 张佳宁 in D:\javacode\springboot-fullstack-demo)
2026-06-27 15:21:20.827 INFO  [main] o.example.student.StudentApplication - No active profile set, falling back to 1 default profile: "default"
2026-06-27 15:21:21.691 INFO  [main] o.a.coyote.http11.Http11NioProtocol - Initializing ProtocolHandler ["http-nio-8080"]
2026-06-27 15:21:21.691 INFO  [main] o.a.catalina.core.StandardService - Starting service [Tomcat]
2026-06-27 15:21:21.691 INFO  [main] o.a.catalina.core.StandardEngine - Starting Servlet engine: [Apache Tomcat/9.0.68]
2026-06-27 15:21:21.840 INFO  [main] o.a.c.c.C.[Tomcat].[localhost].[/] - Initializing Spring embedded WebApplicationContext
2026-06-27 15:21:22.860 INFO  [main] o.a.coyote.http11.Http11NioProtocol - Starting ProtocolHandler ["http-nio-8080"]
2026-06-27 15:21:22.885 INFO  [main] o.example.student.StudentApplication - Started StudentApplication in 2.404 seconds (JVM running for 3.382)
2026-06-27 15:21:31.690 INFO  [http-nio-8080-exec-2] o.a.c.c.C.[Tomcat].[localhost].[/] - Initializing Spring DispatcherServlet 'dispatcherServlet'
2026-06-27 15:21:32.112 INFO  [http-nio-8080-exec-1] com.zaxxer.hikari.HikariDataSource - HikariPool-1 - Starting...
2026-06-27 15:21:32.224 INFO  [http-nio-8080-exec-1] com.zaxxer.hikari.HikariDataSource - HikariPool-1 - Start completed.
2026-06-27 15:21:43.888 INFO  [http-nio-8080-exec-8] o.e.student.service.StudentService - 查询学生列表: 条件=org.example.student.model.StudentQueryRequest@268ef8e8, 总数=11, 当前页=1
2026-06-27 15:22:00.034 INFO  [scheduling-1] o.e.student.task.LoginCountStatTask - 用户登录次数统计完成，更新用户数=4
2026-06-27 15:22:18.766 INFO  [http-nio-8080-exec-3] o.e.student.service.StudentService - 查询学生列表: 条件=org.example.student.model.StudentQueryRequest@3d0080f0, 总数=11, 当前页=1
2026-06-27 15:22:21.822 INFO  [http-nio-8080-exec-2] o.e.s.s.PointsAccountServiceImpl - 创建用户积分账户: userId=5
2026-06-27 15:22:25.337 INFO  [http-nio-8080-exec-10] o.e.s.s.PointsAccountServiceImpl - 积分变更成功: userId=5, pointsChange=20, before=0, after=20
2026-06-27 15:22:46.936 INFO  [http-nio-8080-exec-1] o.e.student.service.StudentService - 查询学生列表: 条件=org.example.student.model.StudentQueryRequest@2377fc37, 总数=11, 当前页=1
2026-06-27 15:22:56.687 WARN  [http-nio-8080-exec-1] o.e.s.e.GlobalExceptionHandler - 业务异常: code=400, message=该任务已奖励过积分
2026-06-27 15:22:57.972 WARN  [http-nio-8080-exec-9] o.e.s.e.GlobalExceptionHandler - 业务异常: code=400, message=该任务已奖励过积分
2026-06-27 15:22:58.487 WARN  [http-nio-8080-exec-8] o.e.s.e.GlobalExceptionHandler - 业务异常: code=400, message=该任务已奖励过积分
2026-06-27 15:22:59.542 WARN  [http-nio-8080-exec-10] o.e.s.e.GlobalExceptionHandler - 业务异常: code=400, message=该任务已奖励过积分
2026-06-27 15:23:00.020 INFO  [scheduling-1] o.e.student.task.LoginCountStatTask - 用户登录次数统计完成，更新用户数=5
2026-06-27 15:23:06.866 INFO  [http-nio-8080-exec-10] o.e.student.service.StudentService - 查询学生列表: 条件=org.example.student.model.StudentQueryRequest@57ea51d3, 总数=11, 当前页=1
2026-06-27 15:23:10.043 INFO  [http-nio-8080-exec-2] o.e.s.s.PointsAccountServiceImpl - 积分变更成功: userId=5, pointsChange=50, before=20, after=70
2026-06-27 15:24:00.025 INFO  [scheduling-1] o.e.student.task.LoginCountStatTask - 用户登录次数统计完成，更新用户数=5
2026-06-27 15:25:00.006 INFO  [scheduling-1] o.e.student.task.LoginCountStatTask - 用户登录次数统计完成，更新用户数=5
2026-06-27 15:26:00.003 INFO  [scheduling-1] o.e.student.task.LoginCountStatTask - 用户登录次数统计完成，更新用户数=5
2026-06-27 15:27:00.004 INFO  [scheduling-1] o.e.student.task.LoginCountStatTask - 用户登录次数统计完成，更新用户数=5
2026-06-27 15:27:42.763 INFO  [http-nio-8080-exec-7] o.e.student.service.StudentService - 查询学生列表: 条件=org.example.student.model.StudentQueryRequest@1b4e9c4, 总数=11, 当前页=1
2026-06-27 15:28:00.014 INFO  [scheduling-1] o.e.student.task.LoginCountStatTask - 用户登录次数统计完成，更新用户数=2
2026-06-27 15:29:00.007 INFO  [scheduling-1] o.e.student.task.LoginCountStatTask - 用户登录次数统计完成，更新用户数=2
2026-06-27 15:29:29.231 INFO  [http-nio-8080-exec-1] o.e.s.s.PointsAccountServiceImpl - 积分变更成功: userId=5, pointsChange=10, before=70, after=80
2026-06-27 15:30:00.013 INFO  [scheduling-1] o.e.student.task.LoginCountStatTask - 用户登录次数统计完成，更新用户数=2
2026-06-27 15:31:00.003 INFO  [scheduling-1] o.e.student.task.LoginCountStatTask - 用户登录次数统计完成，更新用户数=2
2026-06-27 15:32:00.016 INFO  [scheduling-1] o.e.student.task.LoginCountStatTask - 用户登录次数统计完成，更新用户数=2
2026-06-27 15:33:00.014 INFO  [scheduling-1] o.e.student.task.LoginCountStatTask - 用户登录次数统计完成，更新用户数=2
2026-06-27 15:34:00.003 INFO  [scheduling-1] o.e.student.task.LoginCountStatTask - 用户登录次数统计完成，更新用户数=2
2026-06-27 15:35:00.002 INFO  [scheduling-1] o.e.student.task.LoginCountStatTask - 用户登录次数统计完成，更新用户数=2
2026-06-27 15:36:00.011 INFO  [scheduling-1] o.e.student.task.LoginCountStatTask - 用户登录次数统计完成，更新用户数=2
2026-06-27 15:36:23.536 INFO  [http-nio-8080-exec-6] o.e.s.s.PointsAccountServiceImpl - 积分变更成功: userId=5, pointsChange=10, before=80, after=90
2026-06-27 15:36:24.451 WARN  [http-nio-8080-exec-9] o.e.s.e.GlobalExceptionHandler - 业务异常: code=400, message=该任务已奖励过积分
2026-06-27 15:37:00.005 INFO  [scheduling-1] o.e.student.task.LoginCountStatTask - 用户登录次数统计完成，更新用户数=2
2026-06-27 15:37:01.559 INFO  [http-nio-8080-exec-1] o.e.s.s.PointsAccountServiceImpl - 积分变更成功: userId=5, pointsChange=5, before=90, after=95
2026-06-27 15:37:02.335 WARN  [http-nio-8080-exec-4] o.e.s.e.GlobalExceptionHandler - 业务异常: code=400, message=该任务已奖励过积分
2026-06-27 15:38:00.015 INFO  [scheduling-1] o.e.student.task.LoginCountStatTask - 用户登录次数统计完成，更新用户数=2
2026-06-27 15:39:00.003 INFO  [scheduling-1] o.e.student.task.LoginCountStatTask - 用户登录次数统计完成，更新用户数=2
2026-06-27 15:40:00.015 INFO  [scheduling-1] o.e.student.task.LoginCountStatTask - 用户登录次数统计完成，更新用户数=2
2026-06-27 15:41:00.015 INFO  [scheduling-1] o.e.student.task.LoginCountStatTask - 用户登录次数统计完成，更新用户数=2
2026-06-27 15:42:00.005 INFO  [scheduling-1] o.e.student.task.LoginCountStatTask - 用户登录次数统计完成，更新用户数=2
2026-06-27 15:42:43.418 WARN  [http-nio-8080-exec-6] o.e.s.e.GlobalExceptionHandler - 业务异常: code=400, message=今日已签到
2026-06-27 15:42:44.012 WARN  [http-nio-8080-exec-5] o.e.s.e.GlobalExceptionHandler - 业务异常: code=400, message=今日已签到
2026-06-27 15:43:00.010 INFO  [scheduling-1] o.e.student.task.LoginCountStatTask - 用户登录次数统计完成，更新用户数=2
2026-06-27 15:43:08.363 WARN  [http-nio-8080-exec-10] o.e.s.e.GlobalExceptionHandler - 业务异常: code=400, message=该任务已奖励过积分
2026-06-27 15:43:25.405 WARN  [http-nio-8080-exec-2] o.e.s.e.GlobalExceptionHandler - 业务异常: code=400, message=该任务已奖励过积分
2026-06-27 15:43:28.411 WARN  [http-nio-8080-exec-4] o.e.s.e.GlobalExceptionHandler - 业务异常: code=400, message=该任务已奖励过积分
2026-06-27 15:43:29.676 WARN  [http-nio-8080-exec-6] o.e.s.e.GlobalExceptionHandler - 业务异常: code=400, message=该任务已奖励过积分
2026-06-27 15:44:00.015 INFO  [scheduling-1] o.e.student.task.LoginCountStatTask - 用户登录次数统计完成，更新用户数=2
2026-06-27 15:45:00.006 INFO  [scheduling-1] o.e.student.task.LoginCountStatTask - 用户登录次数统计完成，更新用户数=2
2026-06-27 15:46:00.015 INFO  [scheduling-1] o.e.student.task.LoginCountStatTask - 用户登录次数统计完成，更新用户数=2
2026-06-27 15:47:00.011 INFO  [scheduling-1] o.e.student.task.LoginCountStatTask - 用户登录次数统计完成，更新用户数=2
2026-06-27 15:48:00.010 INFO  [scheduling-1] o.e.student.task.LoginCountStatTask - 用户登录次数统计完成，更新用户数=2
2026-06-27 15:49:00.008 INFO  [scheduling-1] o.e.student.task.LoginCountStatTask - 用户登录次数统计完成，更新用户数=2
2026-06-27 15:50:00.014 INFO  [scheduling-1] o.e.student.task.LoginCountStatTask - 用户登录次数统计完成，更新用户数=2
2026-06-27 15:51:00.024 INFO  [scheduling-1] o.e.student.task.LoginCountStatTask - 用户登录次数统计完成，更新用户数=2
2026-06-27 15:51:40.521 INFO  [SpringApplicationShutdownHook] com.zaxxer.hikari.HikariDataSource - HikariPool-1 - Shutdown initiated...
2026-06-27 15:51:40.524 INFO  [SpringApplicationShutdownHook] com.zaxxer.hikari.HikariDataSource - HikariPool-1 - Shutdown completed.
2026-06-27 15:51:43.010 INFO  [background-preinit] o.h.validator.internal.util.Version - HV000001: Hibernate Validator 6.2.5.Final
2026-06-27 15:51:43.012 INFO  [main] o.example.student.StudentApplication - Starting StudentApplication using Java 1.8.0_171 on LAPTOP-FSOIOSGL with PID 1480 (D:\javacode\springboot-fullstack-demo\backend\target\classes started by 张佳宁 in D:\javacode\springboot-fullstack-demo)
2026-06-27 15:51:43.013 INFO  [main] o.example.student.StudentApplication - No active profile set, falling back to 1 default profile: "default"
2026-06-27 15:51:43.954 INFO  [main] o.a.coyote.http11.Http11NioProtocol - Initializing ProtocolHandler ["http-nio-8080"]
2026-06-27 15:51:43.955 INFO  [main] o.a.catalina.core.StandardService - Starting service [Tomcat]
2026-06-27 15:51:43.955 INFO  [main] o.a.catalina.core.StandardEngine - Starting Servlet engine: [Apache Tomcat/9.0.68]
2026-06-27 15:51:44.125 INFO  [main] o.a.c.c.C.[Tomcat].[localhost].[/] - Initializing Spring embedded WebApplicationContext
2026-06-27 15:51:45.155 INFO  [main] o.a.coyote.http11.Http11NioProtocol - Starting ProtocolHandler ["http-nio-8080"]
2026-06-27 15:51:45.178 INFO  [main] o.example.student.StudentApplication - Started StudentApplication in 2.52 seconds (JVM running for 3.488)
2026-06-27 15:51:48.903 INFO  [http-nio-8080-exec-3] o.a.c.c.C.[Tomcat].[localhost].[/] - Initializing Spring DispatcherServlet 'dispatcherServlet'
2026-06-27 15:51:49.337 INFO  [http-nio-8080-exec-2] com.zaxxer.hikari.HikariDataSource - HikariPool-1 - Starting...
2026-06-27 15:51:49.438 INFO  [http-nio-8080-exec-2] com.zaxxer.hikari.HikariDataSource - HikariPool-1 - Start completed.
2026-06-27 15:51:50.854 INFO  [http-nio-8080-exec-4] o.e.s.s.PointsAccountServiceImpl - 积分变更成功: userId=5, pointsChange=10, before=95, after=105
2026-06-27 15:51:51.284 INFO  [http-nio-8080-exec-8] o.e.s.s.PointsAccountServiceImpl - 积分变更成功: userId=5, pointsChange=10, before=105, after=115
2026-06-27 15:51:52.067 INFO  [http-nio-8080-exec-3] o.e.s.s.PointsAccountServiceImpl - 积分变更成功: userId=5, pointsChange=10, before=115, after=125
2026-06-27 15:51:52.232 INFO  [http-nio-8080-exec-7] o.e.s.s.PointsAccountServiceImpl - 积分变更成功: userId=5, pointsChange=10, before=125, after=135
2026-06-27 15:51:52.440 INFO  [http-nio-8080-exec-10] o.e.s.s.PointsAccountServiceImpl - 积分变更成功: userId=5, pointsChange=10, before=135, after=145
2026-06-27 15:51:53.270 WARN  [http-nio-8080-exec-5] o.e.s.e.GlobalExceptionHandler - 业务异常: code=400, message=该任务已奖励过积分
2026-06-27 15:52:00.014 INFO  [scheduling-1] o.e.student.task.LoginCountStatTask - 用户登录次数统计完成，更新用户数=2
2026-06-27 15:53:00.007 INFO  [scheduling-1] o.e.student.task.LoginCountStatTask - 用户登录次数统计完成，更新用户数=2
